 [20:10:04] <fg=white;bg=red;options=bold>[error]</fg=white;bg=red;options=bold>     Logging for level 3