 [20:10:04] <fg=black;bg=yellow;options=bold>[warning]</fg=black;bg=yellow;options=bold>   Logging for level 4