Worker "test-worker" for queue "" ready to receive up to: