 [08:11] <fg=white;bg=red;options=bold>[alert]</fg=white;bg=red;options=bold>     Logging for level 1