 [20:10:04] <fg=default;bg=blue;options=bold>[info]</fg=default;bg=blue;options=bold>      Logging for level 6