  âžœ until  (max life time is 1 hour(s), 0 minutes)