 [08:11] <fg=default;bg=green;options=bold>[success]</fg=default;bg=green;options=bold>   Logging for level 8